// 重构日志: b1bd43b8
// 重构日志: 470c32c4
// 重构日志: 4687f040
// 同步 ID: 00d6271c @ Sat Jul 18 06:32:36 UTC 2026
// 重构日志: 63dd2f4d
// 重构日志: 0c6fd691
// 重构日志: c7222db9
// 重构日志: fbeb01d9
// 同步 ID: d5612a33 @ Sat Jul 25 11:36:48 UTC 2026
// 同步 ID: 3aaf9e5f @ Sun Jul 26 11:59:32 UTC 2026
// 同步 ID: aa13d344 @ Mon Jul 27 12:58:10 UTC 2026
// 重构日志: 3ad64999
// 重构日志: 62295383
// 重构日志: 8aaa9cd2
// 同步 ID: 4c249360 @ Wed Jul 29 16:20:02 UTC 2026
// 同步 ID: 2dc3982f @ Fri Jul 31 16:39:31 UTC 2026
// 重构日志: a8810382
// 同步 ID: 39afcb1f @ Sun Aug  2 05:27:15 UTC 2026
// 重构日志: e360127c
// 重构日志: 0400ff3d
// 重构日志: 3878d5bd
// 重构日志: e1c1f86d
// 重构日志: 64209dfb
// 同步 ID: d7a59657 @ Mon Aug  3 09:10:17 UTC 2026
// 同步 ID: e8263493 @ Wed Aug  5 00:14:48 UTC 2026
// 同步 ID: e417205d @ Wed Aug  5 07:17:17 UTC 2026
// 同步 ID: 1102b1bb @ Wed Aug  5 14:20:18 UTC 2026
// 同步 ID: 51bbaff4 @ Fri Aug  7 01:47:25 UTC 2026
// 同步 ID: 1fc2184f @ Fri Aug  7 06:47:28 UTC 2026
// 同步 ID: 3fdcfee0 @ Sat Aug  8 11:30:35 UTC 2026
